src/components/layout/admin/AdminSidebar.tsx(4,37): error TS6133: 'FileText' is declared but its value is never read.
